// Jest Snapshot v1, https://goo.gl/fbAQLP

exports[`html renders a complex example with math 1`] = `
"<p>Inline math <span class=\\"math-inline\\"><span class=\\"katex\\"><span class=\\"katex-mathml\\"><math xmlns=\\"http://www.w3.org/1998/Math/MathML\\"><semantics><mrow><mn>2</mn><mo>+</mo><mn>2</mn><mo>=</mo><mn>4</mn></mrow><annotation encoding=\\"application/x-tex\\">2 + 2 = 4</annotation></semantics></math></span><span class=\\"katex-html\\" aria-hidden=\\"true\\"><span class=\\"base\\"><span class=\\"strut\\" style=\\"height:0.72777em;vertical-align:-0.08333em;:;\\"></span><span class=\\"mord\\">2</span><span class=\\"mspace\\" style=\\"margin-right:0.2222222222222222em;:;\\"></span><span class=\\"mbin\\">+</span><span class=\\"mspace\\" style=\\"margin-right:0.2222222222222222em;:;\\"></span></span><span class=\\"base\\"><span class=\\"strut\\" style=\\"height:0.64444em;vertical-align:0em;:;\\"></span><span class=\\"mord\\">2</span><span class=\\"mspace\\" style=\\"margin-right:0.2777777777777778em;:;\\"></span><span class=\\"mrel\\">=</span><span class=\\"mspace\\" style=\\"margin-right:0.2777777777777778em;:;\\"></span></span><span class=\\"base\\"><span class=\\"strut\\" style=\\"height:0.64444em;vertical-align:0em;:;\\"></span><span class=\\"mord\\">4</span></span></span></span></span> and display math <span class=\\"math-display\\"><span class=\\"katex-display\\"><span class=\\"katex\\"><span class=\\"katex-mathml\\"><math xmlns=\\"http://www.w3.org/1998/Math/MathML\\" display=\\"block\\"><semantics><mrow><mn>2</mn><mo>+</mo><mn>2</mn><mo>=</mo><mn>4</mn></mrow><annotation encoding=\\"application/x-tex\\">2 + 2 = 4</annotation></semantics></math></span><span class=\\"katex-html\\" aria-hidden=\\"true\\"><span class=\\"base\\"><span class=\\"strut\\" style=\\"height:0.72777em;vertical-align:-0.08333em;:;\\"></span><span class=\\"mord\\">2</span><span class=\\"mspace\\" style=\\"margin-right:0.2222222222222222em;:;\\"></span><span class=\\"mbin\\">+</span><span class=\\"mspace\\" style=\\"margin-right:0.2222222222222222em;:;\\"></span></span><span class=\\"base\\"><span class=\\"strut\\" style=\\"height:0.64444em;vertical-align:0em;:;\\"></span><span class=\\"mord\\">2</span><span class=\\"mspace\\" style=\\"margin-right:0.2777777777777778em;:;\\"></span><span class=\\"mrel\\">=</span><span class=\\"mspace\\" style=\\"margin-right:0.2777777777777778em;:;\\"></span></span><span class=\\"base\\"><span class=\\"strut\\" style=\\"height:0.64444em;vertical-align:0em;:;\\"></span><span class=\\"mord\\">4</span></span></span></span></span></span>.</p>
<p>This is a list of links</p>
<ul>
<li><internalLink>S000123</internalLink></li>
<li><internalLink>P000123</internalLink></li>
<li><internalLink>T000123</internalLink></li>
<li><citation>doi:123</citation></li>
<li><citation>mr:123</citation></li>
<li><citation>wikipedia:123</citation></li>
<li><citation>mathse:123</citation></li>
<li><citation>mo:123</citation></li>
</ul>"
`;
