// Jest Snapshot v1, https://goo.gl/fbAQLP

exports[`parse untruncated block math 1`] = `"Thus <span class=\\"math-display\\"><span class=\\"katex-display\\"><span class=\\"katex\\"><span class=\\"katex-mathml\\"><math xmlns=\\"http://www.w3.org/1998/Math/MathML\\" display=\\"block\\"><semantics><mrow><mn>2</mn><mo>+</mo><mn>2</mn><mo>=</mo><mn>4</mn></mrow><annotation encoding=\\"application/x-tex\\">2 + 2 = 4</annotation></semantics></math></span><span class=\\"katex-html\\" aria-hidden=\\"true\\"><span class=\\"base\\"><span class=\\"strut\\" style=\\"height:0.72777em;vertical-align:-0.08333em;:;\\"></span><span class=\\"mord\\">2</span><span class=\\"mspace\\" style=\\"margin-right:0.2222222222222222em;:;\\"></span><span class=\\"mbin\\">+</span><span class=\\"mspace\\" style=\\"margin-right:0.2222222222222222em;:;\\"></span></span><span class=\\"base\\"><span class=\\"strut\\" style=\\"height:0.64444em;vertical-align:0em;:;\\"></span><span class=\\"mord\\">2</span><span class=\\"mspace\\" style=\\"margin-right:0.2777777777777778em;:;\\"></span><span class=\\"mrel\\">=</span><span class=\\"mspace\\" style=\\"margin-right:0.2777777777777778em;:;\\"></span></span><span class=\\"base\\"><span class=\\"strut\\" style=\\"height:0.64444em;vertical-align:0em;:;\\"></span><span class=\\"mord\\">4</span></span></span></span></span></span>."`;

exports[`parse untruncated inline math 1`] = `"Thus <span class=\\"math-inline\\"><span class=\\"katex\\"><span class=\\"katex-mathml\\"><math xmlns=\\"http://www.w3.org/1998/Math/MathML\\"><semantics><mrow><mn>2</mn><mo>+</mo><mn>2</mn><mo>=</mo><mn>4</mn></mrow><annotation encoding=\\"application/x-tex\\">2 + 2 = 4</annotation></semantics></math></span><span class=\\"katex-html\\" aria-hidden=\\"true\\"><span class=\\"base\\"><span class=\\"strut\\" style=\\"height:0.72777em;vertical-align:-0.08333em;:;\\"></span><span class=\\"mord\\">2</span><span class=\\"mspace\\" style=\\"margin-right:0.2222222222222222em;:;\\"></span><span class=\\"mbin\\">+</span><span class=\\"mspace\\" style=\\"margin-right:0.2222222222222222em;:;\\"></span></span><span class=\\"base\\"><span class=\\"strut\\" style=\\"height:0.64444em;vertical-align:0em;:;\\"></span><span class=\\"mord\\">2</span><span class=\\"mspace\\" style=\\"margin-right:0.2777777777777778em;:;\\"></span><span class=\\"mrel\\">=</span><span class=\\"mspace\\" style=\\"margin-right:0.2777777777777778em;:;\\"></span></span><span class=\\"base\\"><span class=\\"strut\\" style=\\"height:0.64444em;vertical-align:0em;:;\\"></span><span class=\\"mord\\">4</span></span></span></span></span>."`;
