// Vitest Snapshot v1, https://vitest.dev/guide/snapshot.html

exports[`parses a complex example 1`] = `
"<p>Inline math <span class=\\"math math-inline\\"><span class=\\"katex\\"><span class=\\"katex-mathml\\"><math xmlns=\\"http://www.w3.org/1998/Math/MathML\\"><semantics><mrow><mn>2</mn><mo>+</mo><mn>2</mn><mo>=</mo><mn>4</mn></mrow><annotation encoding=\\"application/x-tex\\">2 + 2 = 4</annotation></semantics></math></span><span class=\\"katex-html\\" aria-hidden=\\"true\\"><span class=\\"base\\"><span class=\\"strut\\" style=\\"height:0.7278em;vertical-align:-0.0833em;\\"></span><span class=\\"mord\\">2</span><span class=\\"mspace\\" style=\\"margin-right:0.2222em;\\"></span><span class=\\"mbin\\">+</span><span class=\\"mspace\\" style=\\"margin-right:0.2222em;\\"></span></span><span class=\\"base\\"><span class=\\"strut\\" style=\\"height:0.6444em;\\"></span><span class=\\"mord\\">2</span><span class=\\"mspace\\" style=\\"margin-right:0.2778em;\\"></span><span class=\\"mrel\\">=</span><span class=\\"mspace\\" style=\\"margin-right:0.2778em;\\"></span></span><span class=\\"base\\"><span class=\\"strut\\" style=\\"height:0.6444em;\\"></span><span class=\\"mord\\">4</span></span></span></span></span> and display math <span class=\\"math math-inline\\"><span class=\\"katex\\"><span class=\\"katex-mathml\\"><math xmlns=\\"http://www.w3.org/1998/Math/MathML\\"><semantics><mrow><mn>2</mn><mo>+</mo><mn>2</mn><mo>=</mo><mn>4</mn></mrow><annotation encoding=\\"application/x-tex\\">2 + 2 = 4</annotation></semantics></math></span><span class=\\"katex-html\\" aria-hidden=\\"true\\"><span class=\\"base\\"><span class=\\"strut\\" style=\\"height:0.7278em;vertical-align:-0.0833em;\\"></span><span class=\\"mord\\">2</span><span class=\\"mspace\\" style=\\"margin-right:0.2222em;\\"></span><span class=\\"mbin\\">+</span><span class=\\"mspace\\" style=\\"margin-right:0.2222em;\\"></span></span><span class=\\"base\\"><span class=\\"strut\\" style=\\"height:0.6444em;\\"></span><span class=\\"mord\\">2</span><span class=\\"mspace\\" style=\\"margin-right:0.2778em;\\"></span><span class=\\"mrel\\">=</span><span class=\\"mspace\\" style=\\"margin-right:0.2778em;\\"></span></span><span class=\\"base\\"><span class=\\"strut\\" style=\\"height:0.6444em;\\"></span><span class=\\"mord\\">4</span></span></span></span></span>.</p>
<p>This is a list of links</p>
<ul>
<li><a href=\\"S://000123\\" title=\\"000123\\" class=\\"internal-link\\">000123</a></li>
<li><a href=\\"P://000123\\" title=\\"000123\\" class=\\"internal-link\\">000123</a></li>
<li><a href=\\"T://000123\\" title=\\"000123\\" class=\\"internal-link\\">000123</a></li>
<li><a href=\\"doi://123\\" title=\\"123\\" class=\\"external-link\\">123</a></li>
<li><a href=\\"mr://123\\" title=\\"123\\" class=\\"external-link\\">123</a></li>
<li><a href=\\"wikipedia://123\\" title=\\"123\\" class=\\"external-link\\">123</a></li>
<li><a href=\\"mathse://123\\" title=\\"123\\" class=\\"external-link\\">123</a></li>
<li><a href=\\"mo://123\\" title=\\"123\\" class=\\"external-link\\">123</a></li>
<li><a href=\\"zbmath://123\\" title=\\"123\\" class=\\"external-link\\">123</a></li>
</ul>"
`;

exports[`truncate > preserves math 1`] = `"this is a fairly long sentence and it needs to be summarized because it is too long because it <span class=\\"math math-inline\\"><span class=\\"katex\\"><span class=\\"katex-mathml\\"><math xmlns=\\"http://www.w3.org/1998/Math/MathML\\"><semantics><mrow><msub><mi>T</mi><mrow><mn>3</mn><mfrac><mn>1</mn><mn>2</mn></mfrac></mrow></msub></mrow><annotation encoding=\\"application/x-tex\\">T_{3\\\\frac{1}{2}}</annotation></semantics></math></span><span class=\\"katex-html\\" aria-hidden=\\"true\\"><span class=\\"base\\"><span class=\\"strut\\" style=\\"height:1.1704em;vertical-align:-0.487em;\\"></span><span class=\\"mord\\"><span class=\\"mord mathnormal\\" style=\\"margin-right:0.13889em;\\">T</span><span class=\\"msupsub\\"><span class=\\"vlist-t vlist-t2\\"><span class=\\"vlist-r\\"><span class=\\"vlist\\" style=\\"height:0.3448em;\\"><span style=\\"top:-2.7538em;margin-left:-0.1389em;margin-right:0.05em;\\"><span class=\\"pstrut\\" style=\\"height:3em;\\"></span><span class=\\"sizing reset-size6 size3 mtight\\"><span class=\\"mord mtight\\"><span class=\\"mord mtight\\">3</span><span class=\\"mord mtight\\"><span class=\\"mopen nulldelimiter sizing reset-size3 size6\\"></span><span class=\\"mfrac\\"><span class=\\"vlist-t vlist-t2\\"><span class=\\"vlist-r\\"><span class=\\"vlist\\" style=\\"height:0.8443em;\\"><span style=\\"top:-2.656em;\\"><span class=\\"pstrut\\" style=\\"height:3em;\\"></span><span class=\\"sizing reset-size3 size1 mtight\\"><span class=\\"mord mtight\\"><span class=\\"mord mtight\\">2</span></span></span></span><span style=\\"top:-3.2255em;\\"><span class=\\"pstrut\\" style=\\"height:3em;\\"></span><span class=\\"frac-line mtight\\" style=\\"border-bottom-width:0.049em;\\"></span></span><span style=\\"top:-3.384em;\\"><span class=\\"pstrut\\" style=\\"height:3em;\\"></span><span class=\\"sizing reset-size3 size1 mtight\\"><span class=\\"mord mtight\\"><span class=\\"mord mtight\\">1</span></span></span></span></span><span class=\\"vlist-s\\">​…</span></span></span></span></span></span></span></span></span></span></span></span></span></span></span></span></span>"`;
